迭代次数: 19
解向量 x:
0.366025 0.464101 0.490381 0.497422 0.499309 0.499814 0.49995 0.499986 0.499996 0.499998 0.499999 0.499999 0.499999 0.499999 0.499999 0.499999 0.499999 0.499999 0.499999 0.499999 0.499999 0.499999 0.499999 0.499999 0.499999 0.499999 0.499999 0.499999 0.499999 0.499999 0.499999 0.499999 0.499999 0.499999 0.499999 0.499999 0.499999 0.499999 0.499999 0.499999 0.499999 0.499999 0.499999 0.499999 0.499999 0.499999 0.499999 0.499999 0.499999 0.499999 0.499999 0.499999 0.499999 0.499999 0.499999 0.499999 0.499999 0.499999 0.499999 0.499999 0.499999 0.499999 0.499999 0.499999 0.499999 0.499999 0.499999 0.499999 0.499999 0.499999 0.499999 0.499999 0.499999 0.499999 0.499999 0.499999 0.499999 0.499999 0.499999 0.499999 0.499999 0.499999 0.499999 0.499999 0.499999 0.499999 0.499999 0.499999 0.499999 0.499999 0.499998 0.499996 0.499986 0.49995 0.499814 0.499309 0.497422 0.490381 0.464101 0.366025 