原始数据（时间域）:
(0,0)
(1,0)
(2,0)
(3,0)
(4,0)
(5,0)
(6,0)
(7,0)
{(28,0), (-4,9.65685), (-4,4), (-4,1.65685), (-4,-3.42901e-15), (-4,-1.65685), (-4,-4), (-4,-9.65685)}