(x,t)=(0.4,0.2), y=0, exact=0.552561, err=5.5256e-01.
(x,t)=(0.4,0.4), y=0, exact=0.660730, err=6.6073e-01.
(x,t)=(0.4,0.6), y=0, exact=0.792848, err=7.9285e-01.
(x,t)=(0.4,0.8), y=0, exact=0.954216, err=9.5422e-01.
(x,t)=(0.4,1.0), y=0, exact=1.151313, err=1.1513e+00.