{{161, 183, 186, 170}, {416, 443, 451, 440}, {671, 703, 716, 710}, {926, 963, 981, 980}}