3.72008e-44 1.60818e-33 1.98088e-26 6.95214e-23 6.95214e-23 1.98088e-26 1.60818e-33 3.72008e-44 
{{0, 0, 0, 0, 0, 0, 0, 0}, {0, -0.0171144, -0.0222191, 0.00400355, 0.00400355, -0.0222191, -0.0171144, 0}, {0, -0.0222191, -0.0675096, -0.106285, -0.106285, -0.0675096, -0.0222191, 0}, {0, 0.00400355, -0.106285, -0.17294, -0.17294, -0.106285, 0.00400355, 0}, {0, 0.00400355, -0.106285, -0.17294, -0.17294, -0.106285, 0.00400355, 0}, {0, -0.0222191, -0.0675096, -0.106285, -0.106285, -0.0675096, -0.0222191, 0}, {0, -0.0171144, -0.0222191, 0.00400355, 0.00400355, -0.0222191, -0.0171144, 0}, {0, 0, 0, 0, 0, 0, 0, 0}}