Mandelbrot Set Statistics:
Total points: 64
Points in the Mandelbrot set: 27