Grid size: 32x32
dx = 0.322581, dy = 0.322581, delta_t = 1.04058
{0.0644676, 0.0644676, 0.0645257, 0.0646392, 0.0648033, 0.0650108, 0.0652526, 0.0655181, 0.0657957, 0.0660734, 0.0663389, 0.0665806, 0.0667881, 0.0669522, 0.0670657, 0.0671238, 0.0671238, 0.0670657, 0.0669522, 0.0667881, 0.0665806, 0.0663389, 0.0660734, 0.0657957, 0.0655181, 0.0652526, 0.0650108, 0.0648033, 0.0646392, 0.0645257, 0.0644676, 0.0644676}