Original Image:

Image After Color Adjustment:

Image After Brightness Enhancement:
{{(180, 30, 30), (180, 30, 30), (180, 30, 30), (180, 30, 30), (180, 30, 30), (180, 30, 30), (180, 30, 30), (180, 30, 30), (180, 30, 30), (180, 30, 30)}, {(180, 30, 30), (180, 30, 30), (180, 30, 30), (180, 30, 30), (180, 30, 30), (180, 30, 30), (180, 30, 30), (180, 30, 30), (180, 30, 30), (180, 30, 30)}, {(180, 30, 30), (180, 30, 30), (180, 30, 30), (180, 30, 30), (180, 30, 30), (180, 30, 30), (180, 30, 30), (180, 30, 30), (180, 30, 30), (180, 30, 30)}, {(180, 30, 30), (180, 30, 30), (180, 30, 30), (180, 30, 30), (180, 30, 30), (180, 30, 30), (180, 30, 30), (180, 30, 30), (180, 30, 30), (180, 30, 30)}, {(180, 30, 30), (180, 30, 30), (180, 30, 30), (180, 30, 30), (180, 30, 30), (180, 30, 30), (180, 30, 30), (180, 30, 30), (180, 30, 30), (180, 30, 30)}, {(180, 30, 30), (180, 30, 30), (180, 30, 30), (180, 30, 30), (180, 30, 30), (180, 30, 30), (180, 30, 30), (180, 30, 30), (180, 30, 30), (180, 30, 30)}, {(180, 30, 30), (180, 30, 30), (180, 30, 30), (180, 30, 30), (180, 30, 30), (180, 30, 30), (180, 30, 30), (180, 30, 30), (180, 30, 30), (180, 30, 30)}, {(180, 30, 30), (180, 30, 30), (180, 30, 30), (180, 30, 30), (180, 30, 30), (180, 30, 30), (180, 30, 30), (180, 30, 30), (180, 30, 30), (180, 30, 30)}, {(180, 30, 30), (180, 30, 30), (180, 30, 30), (180, 30, 30), (180, 30, 30), (180, 30, 30), (180, 30, 30), (180, 30, 30), (180, 30, 30), (180, 30, 30)}, {(180, 30, 30), (180, 30, 30), (180, 30, 30), (180, 30, 30), (180, 30, 30), (180, 30, 30), (180, 30, 30), (180, 30, 30), (180, 30, 30), (180, 30, 30)}}