{40, 40, 40, 40, 40, 40, 40, 40, 40, 40, 40, 40, 40, 40, 40, 40, 40, 40, 40, 40, 40, 40, 40, 40, 40, 10, 10, 10, 10, 10, 10, 10, 10, 10, 10, 10, 10, 10, 10.0001, 10.0003, 10.0009, 10.003, 10.0091, 10.0272, 10.0787, 10.222, 10.6055, 11.5483, 13.4695, 16.1954, 18.4632, 19.5375, 19.8792, 19.9699, 19.9926, 19.9982, 19.9996, 19.9999, 20, 20, 20, 20, 20, 20, 20, 20, 20, 20, 20, 20, 20, 20, 20, 20, 20, 20, 19.9997, 19.9983, 19.9929, 19.9774, 19.9424, 19.8772, 19.773, 19.6256, 19.4359, 19.2082, 18.949, 18.6646, 18.3609, 18.0426, 17.7137, 17.3772, 17.0356, 16.6908, 16.3443, 15.9974, 15.6512, 15.3068, 14.9651}